[culsc.sa.utoronto.ca/index.html]
[backblue.gif]
[fade.gif]
[index.html]
[culsc.sa.utoronto.ca/css/main.css]
[culsc.sa.utoronto.ca/fancybox/jquery.fancybox-1.3.4.css]
[culsc.sa.utoronto.ca/fancybox/jquery.fancybox-1.3.4.pack.js]
[culsc.sa.utoronto.ca/js/main.js]
[culsc.sa.utoronto.ca/index-2.html]
[culsc.sa.utoronto.ca/about.html]
[culsc.sa.utoronto.ca/schedule.html]
[culsc.sa.utoronto.ca/feedback.html]
[culsc.sa.utoronto.ca/pictures.html]
[culsc.sa.utoronto.ca/js/jquery.js]
[culsc.sa.utoronto.ca/accommodations.html]
[culsc.sa.utoronto.ca/register.html]
[culsc.sa.utoronto.ca/index.html]
[culsc.sa.utoronto.ca/images/bg.jpg]
[culsc.sa.utoronto.ca/images/logo.jpg]
[culsc.sa.utoronto.ca/images/body_left_main.png]
[culsc.sa.utoronto.ca/images/body_right_main.png]
[culsc.sa.utoronto.ca/images/body_left_top.png]
[culsc.sa.utoronto.ca/images/body_right_top.png]
[culsc.sa.utoronto.ca/images/footer.jpg]
[culsc.sa.utoronto.ca/css/main.css]
[culsc.sa.utoronto.ca/fancybox/fancybox.png]
[culsc.sa.utoronto.ca/fancybox/blank.gif]
[culsc.sa.utoronto.ca/fancybox/fancybox-x.png]
[culsc.sa.utoronto.ca/fancybox/fancybox-y.png]
[culsc.sa.utoronto.ca/fancybox/fancy_title_over.png]
[culsc.sa.utoronto.ca/fancybox/fancybox/fancy_close.png]
[culsc.sa.utoronto.ca/fancybox/fancybox/fancy_nav_left.png]
[culsc.sa.utoronto.ca/fancybox/fancybox/fancy_nav_right.png]
[culsc.sa.utoronto.ca/fancybox/fancybox/fancy_title_over.png]
[culsc.sa.utoronto.ca/fancybox/fancybox/fancy_title_left.png]
[culsc.sa.utoronto.ca/fancybox/fancybox/fancy_title_main.png]
[culsc.sa.utoronto.ca/fancybox/fancybox/fancy_title_right.png]
[culsc.sa.utoronto.ca/fancybox/fancybox/fancy_loading.png]
[culsc.sa.utoronto.ca/fancybox/fancybox/fancy_shadow_n.png]
[culsc.sa.utoronto.ca/fancybox/fancybox/fancy_shadow_ne.png]
[culsc.sa.utoronto.ca/fancybox/fancybox/fancy_shadow_e.png]
[culsc.sa.utoronto.ca/fancybox/fancybox/fancy_shadow_se.png]
[culsc.sa.utoronto.ca/fancybox/fancybox/fancy_shadow_s.png]
[culsc.sa.utoronto.ca/fancybox/fancybox/fancy_shadow_sw.png]
[culsc.sa.utoronto.ca/fancybox/fancybox/fancy_shadow_w.png]
[culsc.sa.utoronto.ca/fancybox/fancybox/fancy_shadow_nw.png]
[culsc.sa.utoronto.ca/fancybox/jquery.fancybox-1.3.4.css]
[culsc.sa.utoronto.ca/index-2.html]
[culsc.sa.utoronto.ca/about.html]
[culsc.sa.utoronto.ca/schedule.html]
[culsc.sa.utoronto.ca/feedback.html]
[culsc.sa.utoronto.ca/images3/photos/1.jpg]
[culsc.sa.utoronto.ca/images3/thumbs/1.jpg]
[culsc.sa.utoronto.ca/images3/photos/2.jpg]
[culsc.sa.utoronto.ca/images3/thumbs/2.jpg]
[culsc.sa.utoronto.ca/images3/photos/3.jpg]
[culsc.sa.utoronto.ca/images3/thumbs/3.jpg]
[culsc.sa.utoronto.ca/images3/photos/4.jpg]
[culsc.sa.utoronto.ca/images3/thumbs/4.jpg]
[culsc.sa.utoronto.ca/images3/photos/5.jpg]
[culsc.sa.utoronto.ca/images3/thumbs/5.jpg]
[culsc.sa.utoronto.ca/images3/photos/6.jpg]
[culsc.sa.utoronto.ca/images3/thumbs/6.jpg]
[culsc.sa.utoronto.ca/images3/photos/7.jpg]
[culsc.sa.utoronto.ca/images3/thumbs/7.jpg]
[culsc.sa.utoronto.ca/images3/photos/8.jpg]
[culsc.sa.utoronto.ca/images3/thumbs/8.jpg]
[culsc.sa.utoronto.ca/images3/photos/9.jpg]
[culsc.sa.utoronto.ca/images3/thumbs/9.jpg]
[culsc.sa.utoronto.ca/images3/photos/10.jpg]
[culsc.sa.utoronto.ca/images3/thumbs/10.jpg]
[culsc.sa.utoronto.ca/images3/photos/11.jpg]
[culsc.sa.utoronto.ca/images3/thumbs/11.jpg]
[culsc.sa.utoronto.ca/images3/photos/12.jpg]
[culsc.sa.utoronto.ca/images3/thumbs/12.jpg]
[culsc.sa.utoronto.ca/images3/photos/13.jpg]
[culsc.sa.utoronto.ca/images3/thumbs/13.jpg]
[culsc.sa.utoronto.ca/images3/photos/14.jpg]
[culsc.sa.utoronto.ca/images3/thumbs/14.jpg]
[culsc.sa.utoronto.ca/images3/photos/15.jpg]
[culsc.sa.utoronto.ca/images3/thumbs/15.jpg]
[culsc.sa.utoronto.ca/images3/photos/16.jpg]
[culsc.sa.utoronto.ca/images3/thumbs/16.jpg]
[culsc.sa.utoronto.ca/images3/photos/17.jpg]
[culsc.sa.utoronto.ca/images3/thumbs/17.jpg]
[culsc.sa.utoronto.ca/images3/photos/18.jpg]
[culsc.sa.utoronto.ca/images3/thumbs/18.jpg]
[culsc.sa.utoronto.ca/images3/photos/19.jpg]
[culsc.sa.utoronto.ca/images3/thumbs/19.jpg]
[culsc.sa.utoronto.ca/images3/photos/20.jpg]
[culsc.sa.utoronto.ca/images3/thumbs/20.jpg]
[culsc.sa.utoronto.ca/images3/photos/21.jpg]
[culsc.sa.utoronto.ca/images3/thumbs/21.jpg]
[culsc.sa.utoronto.ca/images3/photos/22.jpg]
[culsc.sa.utoronto.ca/images3/thumbs/22.jpg]
[culsc.sa.utoronto.ca/images3/photos/23.jpg]
[culsc.sa.utoronto.ca/images3/thumbs/23.jpg]
[culsc.sa.utoronto.ca/images3/photos/24.jpg]
[culsc.sa.utoronto.ca/images3/thumbs/24.jpg]
[culsc.sa.utoronto.ca/images3/photos/25.jpg]
[culsc.sa.utoronto.ca/images3/thumbs/25.jpg]
[culsc.sa.utoronto.ca/images3/photos/26.jpg]
[culsc.sa.utoronto.ca/images3/thumbs/26.jpg]
[culsc.sa.utoronto.ca/images3/photos/27.jpg]
[culsc.sa.utoronto.ca/images3/thumbs/27.jpg]
[culsc.sa.utoronto.ca/images3/photos/28.jpg]
[culsc.sa.utoronto.ca/images3/thumbs/28.jpg]
[culsc.sa.utoronto.ca/images3/photos/29.jpg]
[culsc.sa.utoronto.ca/images3/thumbs/29.jpg]
[culsc.sa.utoronto.ca/images3/photos/30.jpg]
[culsc.sa.utoronto.ca/images3/thumbs/30.jpg]
[culsc.sa.utoronto.ca/images3/photos/31.jpg]
[culsc.sa.utoronto.ca/images3/thumbs/31.jpg]
[culsc.sa.utoronto.ca/images3/photos/32.jpg]
[culsc.sa.utoronto.ca/images3/thumbs/32.jpg]
[culsc.sa.utoronto.ca/images3/photos/33.jpg]
[culsc.sa.utoronto.ca/images3/thumbs/33.jpg]
[culsc.sa.utoronto.ca/images3/photos/34.jpg]
[culsc.sa.utoronto.ca/images3/thumbs/34.jpg]
[culsc.sa.utoronto.ca/images3/photos/35.jpg]
[culsc.sa.utoronto.ca/images3/thumbs/35.jpg]
[culsc.sa.utoronto.ca/images3/photos/36.jpg]
[culsc.sa.utoronto.ca/images3/thumbs/36.jpg]
[culsc.sa.utoronto.ca/images3/photos/37.jpg]
[culsc.sa.utoronto.ca/images3/thumbs/37.jpg]
[culsc.sa.utoronto.ca/images3/photos/38.jpg]
[culsc.sa.utoronto.ca/images3/thumbs/38.jpg]
[culsc.sa.utoronto.ca/images3/photos/39.jpg]
[culsc.sa.utoronto.ca/images3/thumbs/39.jpg]
[culsc.sa.utoronto.ca/images3/photos/40.jpg]
[culsc.sa.utoronto.ca/images3/thumbs/40.jpg]
[culsc.sa.utoronto.ca/images3/photos/41.jpg]
[culsc.sa.utoronto.ca/images3/thumbs/41.jpg]
[culsc.sa.utoronto.ca/images3/photos/42.jpg]
[culsc.sa.utoronto.ca/images3/thumbs/42.jpg]
[culsc.sa.utoronto.ca/images3/photos/43.jpg]
[culsc.sa.utoronto.ca/images3/thumbs/43.jpg]
[culsc.sa.utoronto.ca/images3/photos/44.jpg]
[culsc.sa.utoronto.ca/images3/thumbs/44.jpg]
[culsc.sa.utoronto.ca/images3/photos/45.jpg]
[culsc.sa.utoronto.ca/images3/thumbs/45.jpg]
[culsc.sa.utoronto.ca/images3/photos/46.jpg]
[culsc.sa.utoronto.ca/images3/thumbs/46.jpg]
[culsc.sa.utoronto.ca/images3/photos/47.jpg]
[culsc.sa.utoronto.ca/images3/thumbs/47.jpg]
[culsc.sa.utoronto.ca/images3/photos/48.jpg]
[culsc.sa.utoronto.ca/images3/thumbs/48.jpg]
[culsc.sa.utoronto.ca/images3/photos/49.jpg]
[culsc.sa.utoronto.ca/images3/thumbs/49.jpg]
[culsc.sa.utoronto.ca/images3/photos/50.jpg]
[culsc.sa.utoronto.ca/images3/thumbs/50.jpg]
[culsc.sa.utoronto.ca/images3/photos/51.jpg]
[culsc.sa.utoronto.ca/images3/thumbs/51.jpg]
[culsc.sa.utoronto.ca/images3/photos/52.jpg]
[culsc.sa.utoronto.ca/images3/thumbs/52.jpg]
[culsc.sa.utoronto.ca/images3/photos/53.jpg]
[culsc.sa.utoronto.ca/images3/thumbs/53.jpg]
[culsc.sa.utoronto.ca/images3/photos/54.jpg]
[culsc.sa.utoronto.ca/images3/thumbs/54.jpg]
[culsc.sa.utoronto.ca/images3/photos/55.jpg]
[culsc.sa.utoronto.ca/images3/thumbs/55.jpg]
[culsc.sa.utoronto.ca/images3/photos/56.jpg]
[culsc.sa.utoronto.ca/images3/thumbs/56.jpg]
[culsc.sa.utoronto.ca/images3/photos/57.jpg]
[culsc.sa.utoronto.ca/images3/thumbs/57.jpg]
[culsc.sa.utoronto.ca/images3/photos/58.jpg]
[culsc.sa.utoronto.ca/images3/thumbs/58.jpg]
[culsc.sa.utoronto.ca/images3/photos/59.jpg]
[culsc.sa.utoronto.ca/images3/thumbs/59.jpg]
[culsc.sa.utoronto.ca/images3/photos/60.jpg]
[culsc.sa.utoronto.ca/images3/thumbs/60.jpg]
[culsc.sa.utoronto.ca/images3/photos/61.jpg]
[culsc.sa.utoronto.ca/images3/thumbs/61.jpg]
[culsc.sa.utoronto.ca/images3/photos/62.jpg]
[culsc.sa.utoronto.ca/images3/thumbs/62.jpg]
[culsc.sa.utoronto.ca/images3/photos/63.jpg]
[culsc.sa.utoronto.ca/images3/thumbs/63.jpg]
[culsc.sa.utoronto.ca/images3/photos/64.jpg]
[culsc.sa.utoronto.ca/images3/thumbs/64.jpg]
[culsc.sa.utoronto.ca/images3/photos/65.jpg]
[culsc.sa.utoronto.ca/images3/thumbs/65.jpg]
[culsc.sa.utoronto.ca/images3/photos/66.jpg]
[culsc.sa.utoronto.ca/images3/thumbs/66.jpg]
[culsc.sa.utoronto.ca/images3/photos/67.jpg]
[culsc.sa.utoronto.ca/images3/thumbs/67.jpg]
[culsc.sa.utoronto.ca/images3/photos/68.jpg]
[culsc.sa.utoronto.ca/images3/thumbs/68.jpg]
[culsc.sa.utoronto.ca/images3/photos/69.jpg]
[culsc.sa.utoronto.ca/images3/thumbs/69.jpg]
[culsc.sa.utoronto.ca/images3/photos/70.jpg]
[culsc.sa.utoronto.ca/images3/thumbs/70.jpg]
[culsc.sa.utoronto.ca/images3/photos/71.jpg]
[culsc.sa.utoronto.ca/images3/thumbs/71.jpg]
[culsc.sa.utoronto.ca/images3/photos/72.jpg]
[culsc.sa.utoronto.ca/images3/thumbs/72.jpg]
[culsc.sa.utoronto.ca/images3/photos/73.jpg]
[culsc.sa.utoronto.ca/images3/thumbs/73.jpg]
[culsc.sa.utoronto.ca/images3/photos/74.jpg]
[culsc.sa.utoronto.ca/images3/thumbs/74.jpg]
[culsc.sa.utoronto.ca/images3/photos/75.jpg]
[culsc.sa.utoronto.ca/images3/thumbs/75.jpg]
[culsc.sa.utoronto.ca/images3/photos/76.jpg]
[culsc.sa.utoronto.ca/images3/thumbs/76.jpg]
[culsc.sa.utoronto.ca/images3/photos/77.jpg]
[culsc.sa.utoronto.ca/images3/thumbs/77.jpg]
[culsc.sa.utoronto.ca/images3/photos/78.jpg]
[culsc.sa.utoronto.ca/images3/thumbs/78.jpg]
[culsc.sa.utoronto.ca/images3/photos/79.jpg]
[culsc.sa.utoronto.ca/images3/thumbs/79.jpg]
[culsc.sa.utoronto.ca/images3/photos/80.jpg]
[culsc.sa.utoronto.ca/images3/thumbs/80.jpg]
[culsc.sa.utoronto.ca/images3/photos/81.jpg]
[culsc.sa.utoronto.ca/images3/thumbs/81.jpg]
[culsc.sa.utoronto.ca/images3/photos/82.jpg]
[culsc.sa.utoronto.ca/images3/thumbs/82.jpg]
[culsc.sa.utoronto.ca/images3/photos/83.jpg]
[culsc.sa.utoronto.ca/images3/thumbs/83.jpg]
[culsc.sa.utoronto.ca/images3/photos/84.jpg]
[culsc.sa.utoronto.ca/images3/thumbs/84.jpg]
[culsc.sa.utoronto.ca/images3/photos/85.jpg]
[culsc.sa.utoronto.ca/images3/thumbs/85.jpg]
[culsc.sa.utoronto.ca/images3/photos/86.jpg]
[culsc.sa.utoronto.ca/images3/thumbs/86.jpg]
[culsc.sa.utoronto.ca/images3/photos/87.jpg]
[culsc.sa.utoronto.ca/images3/thumbs/87.jpg]
[culsc.sa.utoronto.ca/images3/photos/88.jpg]
[culsc.sa.utoronto.ca/images3/thumbs/88.jpg]
[culsc.sa.utoronto.ca/images3/photos/89.jpg]
[culsc.sa.utoronto.ca/images3/thumbs/89.jpg]
[culsc.sa.utoronto.ca/images3/photos/90.jpg]
[culsc.sa.utoronto.ca/images3/thumbs/90.jpg]
[culsc.sa.utoronto.ca/images3/photos/91.jpg]
[culsc.sa.utoronto.ca/images3/thumbs/91.jpg]
[culsc.sa.utoronto.ca/images3/photos/92.jpg]
[culsc.sa.utoronto.ca/images3/thumbs/92.jpg]
[culsc.sa.utoronto.ca/images3/photos/93.jpg]
[culsc.sa.utoronto.ca/images3/thumbs/93.jpg]
[culsc.sa.utoronto.ca/images3/photos/94.jpg]
[culsc.sa.utoronto.ca/images3/thumbs/94.jpg]
[culsc.sa.utoronto.ca/images3/photos/95.jpg]
[culsc.sa.utoronto.ca/images3/thumbs/95.jpg]
[culsc.sa.utoronto.ca/images3/photos/96.jpg]
[culsc.sa.utoronto.ca/images3/thumbs/96.jpg]
[culsc.sa.utoronto.ca/images/photos/1.jpg]
[culsc.sa.utoronto.ca/images/thumbs/1.jpg]
[culsc.sa.utoronto.ca/images/photos/2.jpg]
[culsc.sa.utoronto.ca/images/thumbs/2.jpg]
[culsc.sa.utoronto.ca/images/photos/3.jpg]
[culsc.sa.utoronto.ca/images/thumbs/3.jpg]
[culsc.sa.utoronto.ca/images/photos/4.jpg]
[culsc.sa.utoronto.ca/images/thumbs/4.jpg]
[culsc.sa.utoronto.ca/images/photos/5.jpg]
[culsc.sa.utoronto.ca/images/thumbs/5.jpg]
[culsc.sa.utoronto.ca/images/photos/6.jpg]
[culsc.sa.utoronto.ca/images/thumbs/6.jpg]
[culsc.sa.utoronto.ca/images/photos/7.jpg]
[culsc.sa.utoronto.ca/images/thumbs/7.jpg]
[culsc.sa.utoronto.ca/images/photos/8.jpg]
[culsc.sa.utoronto.ca/images/thumbs/8.jpg]
[culsc.sa.utoronto.ca/images/photos/9.jpg]
[culsc.sa.utoronto.ca/images/thumbs/9.jpg]
[culsc.sa.utoronto.ca/images/photos/10.jpg]
[culsc.sa.utoronto.ca/images/thumbs/10.jpg]
[culsc.sa.utoronto.ca/images/photos/11.jpg]
[culsc.sa.utoronto.ca/images/thumbs/11.jpg]
[culsc.sa.utoronto.ca/images/photos/12.jpg]
[culsc.sa.utoronto.ca/images/thumbs/12.jpg]
[culsc.sa.utoronto.ca/images/photos/13.jpg]
[culsc.sa.utoronto.ca/images/thumbs/13.jpg]
[culsc.sa.utoronto.ca/images/photos/23.jpg]
[culsc.sa.utoronto.ca/images/thumbs/23.jpg]
[culsc.sa.utoronto.ca/images/photos/14.jpg]
[culsc.sa.utoronto.ca/images/thumbs/14.jpg]
[culsc.sa.utoronto.ca/images/photos/15.jpg]
[culsc.sa.utoronto.ca/images/thumbs/15.jpg]
[culsc.sa.utoronto.ca/images/photos/16.jpg]
[culsc.sa.utoronto.ca/images/thumbs/16.jpg]
[culsc.sa.utoronto.ca/images/photos/17.jpg]
[culsc.sa.utoronto.ca/images/thumbs/17.jpg]
[culsc.sa.utoronto.ca/images/photos/18.jpg]
[culsc.sa.utoronto.ca/images/thumbs/18.jpg]
[culsc.sa.utoronto.ca/images/photos/19.jpg]
[culsc.sa.utoronto.ca/images/thumbs/19.jpg]
[culsc.sa.utoronto.ca/images/photos/20.jpg]
[culsc.sa.utoronto.ca/images/thumbs/20.jpg]
[culsc.sa.utoronto.ca/images/photos/21.jpg]
[culsc.sa.utoronto.ca/images/thumbs/21.jpg]
[culsc.sa.utoronto.ca/images/photos/22.jpg]
[culsc.sa.utoronto.ca/images/thumbs/22.jpg]
[culsc.sa.utoronto.ca/images/photos/24.jpg]
[culsc.sa.utoronto.ca/images/thumbs/24.jpg]
[culsc.sa.utoronto.ca/images/photos/25.jpg]
[culsc.sa.utoronto.ca/images/thumbs/25.jpg]
[culsc.sa.utoronto.ca/images/photos/26.jpg]
[culsc.sa.utoronto.ca/images/thumbs/26.jpg]
[culsc.sa.utoronto.ca/images/photos/27.jpg]
[culsc.sa.utoronto.ca/images/thumbs/27.jpg]
[culsc.sa.utoronto.ca/images/photos/28.jpg]
[culsc.sa.utoronto.ca/images/thumbs/28.jpg]
[culsc.sa.utoronto.ca/images/photos/29.jpg]
[culsc.sa.utoronto.ca/images/thumbs/29.jpg]
[culsc.sa.utoronto.ca/images/photos/30.jpg]
[culsc.sa.utoronto.ca/images/thumbs/30.jpg]
[culsc.sa.utoronto.ca/images/photos/31.jpg]
[culsc.sa.utoronto.ca/images/thumbs/31.jpg]
[culsc.sa.utoronto.ca/images/photos/32.jpg]
[culsc.sa.utoronto.ca/images/thumbs/32.jpg]
[culsc.sa.utoronto.ca/images/photos/33.jpg]
[culsc.sa.utoronto.ca/images/thumbs/33.jpg]
[culsc.sa.utoronto.ca/images/photos/34.jpg]
[culsc.sa.utoronto.ca/images/thumbs/34.jpg]
[culsc.sa.utoronto.ca/images/photos/35.jpg]
[culsc.sa.utoronto.ca/images/thumbs/35.jpg]
[culsc.sa.utoronto.ca/images/photos/36.jpg]
[culsc.sa.utoronto.ca/images/thumbs/36.jpg]
[culsc.sa.utoronto.ca/images/photos/37.jpg]
[culsc.sa.utoronto.ca/images/thumbs/37.jpg]
[culsc.sa.utoronto.ca/images/photos/38.jpg]
[culsc.sa.utoronto.ca/images/thumbs/38.jpg]
[culsc.sa.utoronto.ca/images/photos/39.jpg]
[culsc.sa.utoronto.ca/images/thumbs/39.jpg]
[culsc.sa.utoronto.ca/images/photos/40.jpg]
[culsc.sa.utoronto.ca/images/thumbs/40.jpg]
[culsc.sa.utoronto.ca/images/photos/41.jpg]
[culsc.sa.utoronto.ca/images/thumbs/41.jpg]
[culsc.sa.utoronto.ca/images/photos/42.jpg]
[culsc.sa.utoronto.ca/images/thumbs/42.jpg]
[culsc.sa.utoronto.ca/images/photos/43.jpg]
[culsc.sa.utoronto.ca/images/thumbs/43.jpg]
[culsc.sa.utoronto.ca/images/photos/44.jpg]
[culsc.sa.utoronto.ca/images/thumbs/44.jpg]
[culsc.sa.utoronto.ca/images/photos/45.jpg]
[culsc.sa.utoronto.ca/pictures.html]
[culsc.sa.utoronto.ca/accommodations.html]
[www.paypalobjects.com/en_US/i/btn/btn_buynowCC_LGd4a3.gif]
[www.paypalobjects.com/en_US/i/scr/pixel.gif]
[culsc.sa.utoronto.ca/register.html]
[culsc.sa.utoronto.ca/fancybox/fancybox/fancy_close.html]
[culsc.sa.utoronto.ca/fancybox/fancybox/fancy_nav_left.html]
[culsc.sa.utoronto.ca/fancybox/fancybox/fancy_nav_right.html]
[culsc.sa.utoronto.ca/fancybox/fancybox/fancy_title_over.html]
[culsc.sa.utoronto.ca/fancybox/fancybox/fancy_title_left.html]
[culsc.sa.utoronto.ca/fancybox/fancybox/fancy_title_main.html]
[culsc.sa.utoronto.ca/fancybox/fancybox/fancy_title_right.html]
[culsc.sa.utoronto.ca/fancybox/fancybox/fancy_loading.html]
[culsc.sa.utoronto.ca/fancybox/fancybox/fancy_shadow_n.html]
[culsc.sa.utoronto.ca/fancybox/fancybox/fancy_shadow_ne.html]
[culsc.sa.utoronto.ca/fancybox/fancybox/fancy_shadow_e.html]
[culsc.sa.utoronto.ca/fancybox/fancybox/fancy_shadow_se.html]
[culsc.sa.utoronto.ca/fancybox/fancybox/fancy_shadow_s.html]
[culsc.sa.utoronto.ca/fancybox/fancybox/fancy_shadow_sw.html]
[culsc.sa.utoronto.ca/fancybox/fancybox/fancy_shadow_w.html]
[culsc.sa.utoronto.ca/fancybox/fancybox/fancy_shadow_nw.html]
